{
    "contraCheque": [
        {
            "idContraCheque": "mpap/01/2018/1", 
            "chaveColeta": "mpap/01/2018", 
            "nome": "ADAUTO LUIZ DO VALLE BARBOSA", 
            "funcao": "PROMOT DE JUST. ENTR. FINAL", 
            "localTrabalho": "PJ DE MACAPA - PRODEMAP", 
            "ativo": true, 
            "remuneracoes": {
                "remuneracao": [
                    {
                        "categoria": "contracheque", 
                        "item": "Remuneração do Cargo Efetivo", 
                        "valor": 28947.55
                    },
                    {
                        "categoria": "contracheque", 
                        "item": "Outras Verbas Remuneratórias, Legais ou Judiciais", 
                        "tipoReceita": "O"
                    },
                    {
                        "categoria": "contracheque", 
                        "item": "Função de Confiança ou Cargo em Comissão", 
                        "valor": 4815.45, 
                        "tipoReceita": "O"
                    },
                    {
                        "categoria": "contracheque", 
                        "item": "Gratificação Natalina", 
                        "tipoReceita": "O"
                    },
                    {
                        "categoria": "contracheque", 
                        "item": "Férias (1/3 constitucional)", 
                        "tipoReceita": "O"
                    },
                    {
                        "categoria": "contracheque", 
                        "item": "Abono de Permanência", 
                        "valor": 3184.23, 
                        "tipoReceita": "O"
                    },
                    {
                        "natureza": "D", 
                        "categoria": "contracheque", 
                        "item": "Contribuição Previdenciária", 
                        "valor": -3184.23
                    },
                    {
                        "natureza": "D", 
                        "categoria": "contracheque", 
                        "item": "Imposto de Renda", 
                        "valor": -8415.47
                    },
                    {
                        "natureza": "D", 
                        "categoria": "contracheque", 
                        "item": "Retenção por Teto Constitucional"
                    },
                    {
                        "categoria": "contracheque", 
                        "item": "Verbas Indenizações", 
                        "valor": 8719.87, 
                        "tipoReceita": "O"
                    },
                    {
                        "categoria": "contracheque", 
                        "item": "Outras Remunerações Retroativas / Temporárias", 
                        "tipoReceita": "O"
                    }
                ]
            }
        }
    ]
}