{
    "contraCheque": [
        {
            "idContraCheque": "mpap/07/2019/1",
            "chaveColeta": "mpap/07/2019",
            "nome": "ADAUTO LUIZ DO VALLE BARBOSA",
            "funcao": "PROMOT DE JUST. ENTR. FINAL",
            "localTrabalho": "PJ DE MACAPA - PRODEMAP",
            "ativo": true,
            "remuneracoes": {
                "remuneracao": [
                    {
                        "categoria": "contracheque",
                        "item": "Remuneração do Cargo Efetivo",
                        "valor": 33689.11
                    },
                    {
                        "categoria": "contracheque",
                        "item": "Outras Verbas Remuneratórias, Legais ou Judiciais",
                        "tipoReceita": "O"
                    },
                    {
                        "categoria": "contracheque",
                        "item": "Função de Confiança ou Cargo em Comissão",
                        "valor": 5604.21,
                        "tipoReceita": "O"
                    },
                    {
                        "categoria": "contracheque",
                        "item": "Gratificação Natalina",
                        "tipoReceita": "O"
                    },
                    {
                        "categoria": "contracheque",
                        "item": "Férias (1/3 constitucional)",
                        "tipoReceita": "O"
                    },
                    {
                        "categoria": "contracheque",
                        "item": "Abono de Permanência",
                        "valor": 3705.8,
                        "tipoReceita": "O"
                    },
                    {
                        "natureza": "D",
                        "categoria": "contracheque",
                        "item": "Contribuição Previdenciária",
                        "valor": -3705.8
                    },
                    {
                        "natureza": "D",
                        "categoria": "contracheque",
                        "item": "Imposto de Renda",
                        "valor": -10247.99
                    },
                    {
                        "natureza": "D",
                        "categoria": "contracheque",
                        "item": "Retenção por Teto Constitucional"
                    },
                    {
                        "categoria": "indenizações",
                        "item": "Auxílio-Saúde",
                        "valor": 2223.48,
                        "tipoReceita": "O"
                    },
                    {
                        "categoria": "indenizações",
                        "item": "Auxílio-Doença",
                        "tipoReceita": "O"
                    },
                    {
                        "categoria": "indenizações",
                        "item": "Auxílio-Moradia",
                        "tipoReceita": "O"
                    },
                    {
                        "categoria": "indenizações",
                        "item": "Auxílio-Alimentação",
                        "valor": 3368.91,
                        "tipoReceita": "O"
                    },
                    {
                        "categoria": "indenizações",
                        "item": "Lincença Prêmio",
                        "tipoReceita": "O"
                    },
                    {
                        "categoria": "indenizações",
                        "item": "Indenização de Férias",
                        "tipoReceita": "O"
                    },
                    {
                        "categoria": "indenizações",
                        "item": "Abono Pecuniário",
                        "tipoReceita": "O"
                    },
                    {
                        "categoria": "indenizações",
                        "item": "Recesso Administrativo",
                        "tipoReceita": "O"
                    },
                    {
                        "categoria": "indenizações",
                        "item": "Diferença Indenizada",
                        "tipoReceita": "O"
                    },
                    {
                        "categoria": "indenizações",
                        "item": "Plantão Indenizado",
                        "tipoReceita": "O"
                    },
                    {
                        "categoria": "indenizações",
                        "item": "Substituição",
                        "tipoReceita": "O"
                    },
                    {
                        "categoria": "indenizações",
                        "item": "Hora Extra",
                        "tipoReceita": "O"
                    },
                    {
                        "categoria": "indenizações",
                        "item": "Plantão",
                        "tipoReceita": "O"
                    },
                    {
                        "categoria": "indenizações",
                        "item": "Diferença de Recebimentos",
                        "tipoReceita": "O"
                    },
                    {
                        "categoria": "indenizações",
                        "item": "Cumulação",
                        "tipoReceita": "O"
                    },
                    {
                        "categoria": "indenizações",
                        "item": "Devoluções de Descontos",
                        "tipoReceita": "O"
                    },
                    {
                        "categoria": "indenizações",
                        "item": "Gratificações",
                        "tipoReceita": "O"
                    }
                ]
            }
        }
    ]
}